-----BEGIN CERTIFICATE-----
bGFwdG9wLTMyczY5dWQ0XHJ1YmVuDQpkaSAxMC0xMC0yMDIzIDE2OjE1OjQ3LDgz
IA0KLS0tLS0tLS0tLS0tLS0tLS0tLS0tLS0tLS0tLS0tLS0tLS0tLS0tLS0tLS0t
LS0tLSANClVzZXIgU3RvcmllcyAoVGVzdHNcRmVhdHVyZVxVc2VyU3RvcmllcykK
IFt4XSBSRVEyIFB1YmxpY0NhdGVnb3J5UGFnZQogW3hdIFJFUTQgRGlzY291bnRl
ZFByaWNlT25Nb2RlbAogW3hdIFJFUTQgRGlzY291bnRlZFByaWNlSW5IVE1MCiBb
eF0gUkVRNiBPcmRlclN0YXR1c0V4aXN0cwogW3hdIFJFUTcgT3JkZXJTdGF0dXND
aGFuZ2VzCiBbeF0gUkVROSBQcm9kdWN0RWRpdEhhc0Rpc2NvdW50CiBbeF0gUkVR
MTAgUHJvZHVjdEVkaXRDb250YWluc0NhdGVnb3J5CiBbeF0gUkVRMTFhIENhdGVn
b3J5UGFnZUhhc1Byb2R1Y3RzCgotLS0tLS0tLS0tLS0tLS0tLS0tLS0tLS0tLS0t
LS0tLS0tLS0tLS0tLS0tLS0tLS0tIA0KUEhQVW5pdCA5LjYuMTEgYnkgU2ViYXN0
aWFuIEJlcmdtYW5uIGFuZCBjb250cmlidXRvcnMuCgouLi4uLi4uLiAgICAgICAg
ICAgICAgICAgICAgICAgICAgICAgICAgICAgICAgICAgICAgICAgICAgICAgICAg
ICAgIDggLyA4ICgxMDAlKQ0KDQpUaW1lOiAwMDowMC4zNjgsIE1lbW9yeTogMjYu
MDAgTUINCg0KT0sgKDggdGVzdHMsIDE3IGFzc2VydGlvbnMpDQo=
-----END CERTIFICATE-----
